window_start	303200
window_end	908000
lines	19
malformed	0
dropped_lines	0
towers	1
fleet_hours	1.67
tick_gaps	0
tick_gap_seconds	0
delivered_items	2
delivered_per_fleet_hour	1.20
settled_items	1
settled_per_fleet_hour	0.60
blocked_wait_seconds	1400
blocked_wait_max_seconds	700
blocked_open	1
multi_ask_turns	1
prose_deliveries	1
friction_meaning	1
friction_repeat	1
jargon_identifiers	1
jargon_internal	1
jargon_terms	3
lost_across_restart	1
