window_start	300200
window_end	905000
lines	3
malformed	0
dropped_lines	0
towers	1
fleet_hours	0.33
tick_gaps	1
tick_gap_seconds	3600
delivered_items	1
delivered_per_fleet_hour	3.00
settled_items	0
settled_per_fleet_hour	0.00
blocked_wait_seconds	0
blocked_wait_max_seconds	0
blocked_open	0
multi_ask_turns	0
prose_deliveries	0
friction_meaning	0
friction_repeat	0
jargon_identifiers	0
jargon_internal	0
jargon_terms	0
lost_across_restart	0
