window_start	301200
window_end	906000
lines	4
malformed	0
dropped_lines	0
towers	2
fleet_hours	1.50
tick_gaps	0
tick_gap_seconds	0
delivered_items	2
delivered_per_fleet_hour	1.33
settled_items	0
settled_per_fleet_hour	0.00
blocked_wait_seconds	0
blocked_wait_max_seconds	0
blocked_open	0
multi_ask_turns	0
prose_deliveries	0
friction_meaning	0
friction_repeat	0
jargon_identifiers	0
jargon_internal	0
jargon_terms	0
lost_across_restart	0
